
> react-kavia@0.1.0 start
> react-scripts start

Attempting to bind to HOST environment variable: 0.0.0.0
If this was unintentional, check that you haven't mistakenly set it in your shell.
Learn more here: https://cra.link/advanced-config

(node:12142) [DEP_WEBPACK_DEV_SERVER_ON_AFTER_SETUP_MIDDLEWARE] DeprecationWarning: 'onAfterSetupMiddleware' option is deprecated. Please use the 'setupMiddlewares' option.
(Use `node --trace-deprecation ...` to show where the warning was created)
(node:12142) [DEP_WEBPACK_DEV_SERVER_ON_BEFORE_SETUP_MIDDLEWARE] DeprecationWarning: 'onBeforeSetupMiddleware' option is deprecated. Please use the 'setupMiddlewares' option.
Starting the development server...

Compiled successfully!

You can now view react-kavia in the browser.

  Local:            http://localhost:3000
  On Your Network:  http://172.17.0.2:3000

Note that the development build is not optimized.
To create a production build, use npm run build.

webpack compiled successfully
Compiling...
Failed to compile.

Attempted import error: 'getProfile' is not exported from './api' (imported as 'getProfile').
ERROR in ./src/TodoApp.js 364:22-32
export 'getProfile' (imported as 'getProfile') was not found in './api' (possible exports: clearToken, createTask, deleteTask, getTasks, login, register, setToken, updateTask)

webpack compiled with 1 error
Compiling...
Failed to compile.

[eslint] 
src/TodoApp.js
  Line 142:23:  'getProfile' is not defined  no-undef

Search for the keywords to learn more about each error.
ERROR in [eslint] 
src/TodoApp.js
  Line 142:23:  'getProfile' is not defined  no-undef

Search for the keywords to learn more about each error.

webpack compiled with 1 error
Compiling...
Compiled successfully!
webpack compiled successfully
